2021-07-02T13:30:47.658+0800	DEBUG	api/auth.go:48	认证成功
